Microchip MPLAB XC8 Compiler V2.31

Linker command line:

-W-3 --edf=/Applications/microchip/xc8/v2.31/pic/dat/en_msgs.txt -cn \
  -h+dist/default/production/teclado_2018.X.production.sym \
  --cmf=dist/default/production/teclado_2018.X.production.cmf -z -Q18F45K50 \
  -o/tmp/xckPfcbeF --defsym=__MPLAB_BUILD=1 \
  -Mdist/default/production/teclado_2018.X.production.map -E1 \
  -ver=XC8 Compiler --acfsm=1493 -ASTACK=060h-07FFh -pstack=STACK \
  -ACODE=00h-07FFFh -ACONST=00h-07FFFh -ASMALLCONST=0800h-08FFhx120 \
  -AMEDIUMCONST=0800h-07FFFh -ACOMRAM=01h-05Fh -AABS1=00h-07FFh \
  -ABIGRAM=01h-07FFh -ARAM=060h-0FFh,0100h-01FFhx7 -ABANK0=060h-0FFh \
  -ABANK1=0100h-01FFh -ABANK2=0200h-02FFh -ABANK3=0300h-03FFh \
  -ABANK4=0400h-04FFh -ABANK5=0500h-05FFh -ABANK6=0600h-06FFh \
  -ABANK7=0700h-07FFh -ASFR=0F53h-0F5Fh,0F60h-0FFFh \
  -ACONFIG=0300000h-030000Dh -AIDLOC=0200000h-0200007h \
  -AEEDATA=0F00000h-0F000FFh -peeprom_data=EEDATA \
  -preset_vec=00h,intcode,intcodelo,powerup,init -pramtop=0800h \
  -psmallconst=SMALLCONST -pmediumconst=MEDIUMCONST -pconst=CONST \
  -AFARRAM=00h-00h \
  -prdata=COMRAM,nvrram=COMRAM,nvbit=COMRAM,rbss=COMRAM,rbit=COMRAM \
  -pfarbss=FARRAM,fardata=FARRAM,nvFARRAM=FARRAM \
  -pintsave_regs=BIGRAM,bigbss=BIGRAM,bigdata=BIGRAM -pbss=RAM \
  -pidata=CODE,irdata=CODE,ibigdata=CODE,ifardata=CODE -prparam=COMRAM \
  /tmp/xcSnpBrfm.o dist/default/production/teclado_2018.X.production.o 

Object code version is 3.11

Machine type is 18F45K50



                Name                               Link     Load   Length Selector   Space Scale
/tmp/xcSnpBrfm.o
                idloc                            200000   200000        8        0       5
                config                           300000   300000        E        0       4
                init                                  0        0        4        0       0
dist/default/production/teclado_2018.X.production.o
                idloc                            200000   200000        8        0       5
                config                           300000   300000        E        0       4
                smallconst                          800      800       30      400       0
                text19                             1046     1046        6      418       0
                text18                              DAA      DAA       5C      418       0
                text17                              FE0      FE0       20      418       0
                text16                              C64      C64       72      418       0
                text15                             101C     101C       12      418       0
                text14                              EAE      EAE       3C      418       0
                text13                             103C     103C        A      418       0
                text12                              BAE      BAE       B6      418       0
                text11                              FBA      FBA       26      418       0
                text10                              F22      F22       38      418       0
                text9                               E5C      E5C       52      418       0
                text8                               A24      A24      18A      418       0
                text7                              102E     102E        E      418       0
                text6                               D44      D44       66      418       0
                text5                               EEA      EEA       38      418       0
                text4                               E06      E06       56      418       0
                text3                              1000     1000       1C      418       0
                text2                               830      830      1F4      418       0
                text1                               F5A      F5A       32      418       0
                text0                               CD6      CD6       6E      418       0
                cstackCOMRAM                         21       21       1A        1       1
                dataCOMRAM                           3B       3B        2        1       1
                bssCOMRAM                             1        1       20        1       1
                cinit                               F8C      F8C       2E      418       0
                idataCOMRAM                        104C     104C        2      418       0

TOTAL           Name                               Link     Load   Length     Space
        CLASS   STACK          

        CLASS   CODE           
                init                                  0        0        4         0
                text19                             1046     1046        6         0
                text18                              DAA      DAA       5C         0
                text17                              FE0      FE0       20         0
                text16                              C64      C64       72         0
                text15                             101C     101C       12         0
                text14                              EAE      EAE       3C         0
                text13                             103C     103C        A         0
                text12                              BAE      BAE       B6         0
                text11                              FBA      FBA       26         0
                text10                              F22      F22       38         0
                text9                               E5C      E5C       52         0
                text8                               A24      A24      18A         0
                text7                              102E     102E        E         0
                text6                               D44      D44       66         0
                text5                               EEA      EEA       38         0
                text4                               E06      E06       56         0
                text3                              1000     1000       1C         0
                text2                               830      830      1F4         0
                text1                               F5A      F5A       32         0
                text0                               CD6      CD6       6E         0
                cinit                               F8C      F8C       2E         0
                idataCOMRAM                        104C     104C        2         0

        CLASS   CONST          

        CLASS   SMALLCONST     
                smallconst                          800      800       30         0

        CLASS   MEDIUMCONST    

        CLASS   COMRAM         
                cstackCOMRAM                         21       21       1A         1
                dataCOMRAM                           3B       3B        2         1
                bssCOMRAM                             1        1       20         1

        CLASS   ABS1           

        CLASS   BIGRAM         

        CLASS   RAM            

        CLASS   BANK0          

        CLASS   BANK1          

        CLASS   BANK2          

        CLASS   BANK3          

        CLASS   BANK4          

        CLASS   BANK5          

        CLASS   BANK6          

        CLASS   BANK7          

        CLASS   SFR            

        CLASS   CONFIG         
                config                           300000   300000        E         4

        CLASS   IDLOC          
                idloc                            200000   200000        8         5

        CLASS   EEDATA         

        CLASS   FARRAM         



SEGMENTS        Name                           Load    Length   Top    Selector   Space  Class

                reset_vec                      000000  000004  000004         0       0  CODE    
                bssCOMRAM                      000001  00003C  00003D         1       1  COMRAM  
                text2                          000830  00081E  00104E       418       0  CODE    
                smallconst                     000800  000030  000830       400       0  SMALLCON


UNUSED ADDRESS RANGES

        Name                Unused          Largest block    Delta
        BANK0            000060-0000FF               A0
        BANK1            000100-0001FF              100
        BANK2            000200-0002FF              100
        BANK3            000300-0003FF              100
        BANK4            000400-0004FF              100
        BANK5            000500-0005FF              100
        BANK6            000600-0006FF              100
        BANK7            000700-0007FF              100
        BIGRAM           00003D-0007FF              7C3
        CODE             000004-0007FF              7FC
                         00104E-007FFF             6FB2
        COMRAM           00003D-00005F               23
        CONST            000004-0007FF              7FC
                         00104E-007FFF             6FB2
        EEDATA           F00000-F000FF              100
        MEDIUMCONST      00104E-007FFF             6FB2
        RAM              000060-0007FF              100
        SFR              000F53-000FFF                D
        SMALLCONST       00104E-007FFF              100
        STACK            000060-0007FF              7A0

                                  Symbol Table

?___wmul                         cstackCOMRAM 000021
?_atoi                           cstackCOMRAM 000028
?_isdigit                        cstackCOMRAM 000021
?_isspace                        cstackCOMRAM 000021
Keypad_Key_Press@F4959           smallconst   000801
Keypad_Key_Press@fila            cstackCOMRAM 000034
Keypad_Key_Press@keypad_deco     cstackCOMRAM 000021
Keypad_Key_Press@tec             cstackCOMRAM 000032
Lcd_Cmd@a                        cstackCOMRAM 000023
Lcd_Port@a                       cstackCOMRAM 000021
Lcd_Set_Cursor@a                 cstackCOMRAM 000025
Lcd_Set_Cursor@b                 cstackCOMRAM 000024
Lcd_Set_Cursor@temp              cstackCOMRAM 000028
Lcd_Set_Cursor@y                 cstackCOMRAM 000027
Lcd_Set_Cursor@z                 cstackCOMRAM 000026
Lcd_Write_Char@a                 cstackCOMRAM 000024
Lcd_Write_Char@temp              cstackCOMRAM 000022
Lcd_Write_Char@y                 cstackCOMRAM 000023
Lcd_Write_String@a               cstackCOMRAM 000025
Lcd_Write_String@i               cstackCOMRAM 000029
_ACTCON                          (abs)        000FB5
_ANSELA                          (abs)        000F5B
_ANSELB                          (abs)        000F5C
_ANSELC                          (abs)        000F5D
_ANSELD                          (abs)        000F5E
_ANSELE                          (abs)        000F5F
_INTCON2bits                     (abs)        000FF1
_Keypad_Init                     text19       001046
_Keypad_Key_Press                text12       000BAE
_LATA                            (abs)        000F89
_LATA0                           (abs)        007C48
_LATB                            (abs)        000F8A
_LATC                            (abs)        000F8B
_LATC0                           (abs)        007C58
_LATD                            (abs)        000F8C
_LATE                            (abs)        000F8D
_Lcd_Clear                       text7        00102E
_Lcd_Cmd                         text17       000FE0
_Lcd_Init                        text16       000C64
_Lcd_Port                        text18       000DAA
_Lcd_Set_Cursor                  text6        000D44
_Lcd_Write_Char                  text5        000EEA
_Lcd_Write_String                text4        000E06
_OSCCON                          (abs)        000FD3
_OSCCON2                         (abs)        000FD2
_OSCILLATOR_Initialize           text15       00101C
_OSCTUNE                         (abs)        000F9B
_PIN_MANAGER_Initialize          text14       000EAE
_PORTBbits                       (abs)        000F81
_PORTD                           (abs)        000F83
_PORTDbits                       (abs)        000F83
_SYSTEM_Initialize               text13       00103C
_TRISA                           (abs)        000F92
_TRISA0                          (abs)        007C90
_TRISB                           (abs)        000F93
_TRISC                           (abs)        000F94
_TRISC0                          (abs)        007CA0
_TRISD                           (abs)        000F95
_TRISE                           (abs)        000F96
_WPUB                            (abs)        000F85
__HRAM                           (abs)        000000
__Habs1                          abs1         000000
__Hbank0                         bank0        000000
__Hbank1                         bank1        000000
__Hbank2                         bank2        000000
__Hbank3                         bank3        000000
__Hbank4                         bank4        000000
__Hbank5                         bank5        000000
__Hbank6                         bank6        000000
__Hbank7                         bank7        000000
__Hbigbss                        bigbss       000000
__Hbigdata                       bigdata      000000
__Hbigram                        bigram       000000
__Hbss                           bss          000000
__HbssCOMRAM                     bssCOMRAM    000000
__Hcinit                         cinit        000000
__Hclrtext                       clrtext      000000
__Hcomram                        comram       000000
__Hconfig                        config       30000E
__Hconst                         const        000000
__HcstackCOMRAM                  cstackCOMRAM 000000
__Hdata                          data         000000
__HdataCOMRAM                    dataCOMRAM   000000
__Heeprom_data                   eeprom_data  000000
__Hfarbss                        farbss       000000
__Hfardata                       fardata      000000
__Hibigdata                      ibigdata     000000
__Hidata                         idata        000000
__HidataCOMRAM                   idataCOMRAM  000000
__Hidloc                         idloc        200008
__Hifardata                      ifardata     000000
__Hinit                          init         000004
__Hintcode                       intcode      000000
__Hintcode_body                  intcode_body 000000
__Hintcodelo                     intcodelo    000000
__Hintentry                      intentry     000000
__Hintret                        intret       000000
__Hintsave_regs                  intsave_regs 000000
__Hirdata                        irdata       000000
__Hmediumconst                   mediumconst  000000
__HnvFARRAM                      nvFARRAM     000000
__Hnvbit                         nvbit        000000
__Hnvrram                        nvrram       000000
__Hparam                         rparam       000000
__Hpowerup                       powerup      000000
__Hram                           ram          000000
__Hramtop                        ramtop       000800
__Hrbit                          rbit         000000
__Hrbss                          rbss         000000
__Hrdata                         rdata        000000
__Hreset_vec                     reset_vec    000000
__Hrparam                        rparam       000000
__Hsfr                           sfr          000000
__Hsmallconst                    smallconst   000830
__Hspace_0                       (abs)        00104E
__Hspace_1                       (abs)        00003D
__Hspace_2                       (abs)        000000
__Hspace_4                       (abs)        60000E
__Hstack                         stack        000000
__Hstruct                        struct       000000
__Htemp                          temp         000000
__Htext                          text         000000
__Htext0                         text0        000000
__Htext1                         text1        000000
__Htext10                        text10       000000
__Htext11                        text11       000000
__Htext12                        text12       000000
__Htext13                        text13       000000
__Htext14                        text14       000000
__Htext15                        text15       000000
__Htext16                        text16       000000
__Htext17                        text17       000000
__Htext18                        text18       000000
__Htext19                        text19       000000
__Htext2                         text2        000000
__Htext3                         text3        000000
__Htext4                         text4        000000
__Htext5                         text5        000000
__Htext6                         text6        000000
__Htext7                         text7        000000
__Htext8                         text8        000000
__Htext9                         text9        000000
__LRAM                           (abs)        000001
__Labs1                          abs1         000000
__Lbank0                         bank0        000000
__Lbank1                         bank1        000000
__Lbank2                         bank2        000000
__Lbank3                         bank3        000000
__Lbank4                         bank4        000000
__Lbank5                         bank5        000000
__Lbank6                         bank6        000000
__Lbank7                         bank7        000000
__Lbigbss                        bigbss       000000
__Lbigdata                       bigdata      000000
__Lbigram                        bigram       000000
__Lbss                           bss          000000
__LbssCOMRAM                     bssCOMRAM    000000
__Lcinit                         cinit        000000
__Lclrtext                       clrtext      000000
__Lcomram                        comram       000000
__Lconfig                        config       000000
__Lconst                         const        000000
__LcstackCOMRAM                  cstackCOMRAM 000000
__Ldata                          data         000000
__LdataCOMRAM                    dataCOMRAM   000000
__Leeprom_data                   eeprom_data  000000
__Lfarbss                        farbss       000000
__Lfardata                       fardata      000000
__Libigdata                      ibigdata     000000
__Lidata                         idata        000000
__LidataCOMRAM                   idataCOMRAM  000000
__Lidloc                         idloc        000000
__Lifardata                      ifardata     000000
__Linit                          init         000000
__Lintcode                       intcode      000000
__Lintcode_body                  intcode_body 000000
__Lintcodelo                     intcodelo    000000
__Lintentry                      intentry     000000
__Lintret                        intret       000000
__Lintsave_regs                  intsave_regs 000000
__Lirdata                        irdata       000000
__Lmediumconst                   mediumconst  000000
__LnvFARRAM                      nvFARRAM     000000
__Lnvbit                         nvbit        000000
__Lnvrram                        nvrram       000000
__Lparam                         rparam       000000
__Lpowerup                       powerup      000000
__Lram                           ram          000000
__Lramtop                        ramtop       000800
__Lrbit                          rbit         000000
__Lrbss                          rbss         000000
__Lrdata                         rdata        000000
__Lreset_vec                     reset_vec    000000
__Lrparam                        rparam       000000
__Lsfr                           sfr          000000
__Lsmallconst                    smallconst   000800
__Lspace_0                       (abs)        000000
__Lspace_1                       (abs)        000000
__Lspace_2                       (abs)        000000
__Lspace_4                       (abs)        000000
__Lstack                         stack        000000
__Lstruct                        struct       000000
__Ltemp                          temp         000000
__Ltext                          text         000000
__Ltext0                         text0        000000
__Ltext1                         text1        000000
__Ltext10                        text10       000000
__Ltext11                        text11       000000
__Ltext12                        text12       000000
__Ltext13                        text13       000000
__Ltext14                        text14       000000
__Ltext15                        text15       000000
__Ltext16                        text16       000000
__Ltext17                        text17       000000
__Ltext18                        text18       000000
__Ltext19                        text19       000000
__Ltext2                         text2        000000
__Ltext3                         text3        000000
__Ltext4                         text4        000000
__Ltext5                         text5        000000
__Ltext6                         text6        000000
__Ltext7                         text7        000000
__Ltext8                         text8        000000
__Ltext9                         text9        000000
__S0                             (abs)        00104E
__S1                             (abs)        00003D
__S2                             (abs)        000000
__S4                             (abs)        000000
__S5                             (abs)        000000
___inthi_sp                      stack        000000
___intlo_sp                      stack        000000
___param_bank                    (abs)        000000
___rparam_used                   (abs)        000001
___sp                            stack        000000
___wmul                          text11       000FBA
___wmul@multiplicand             cstackCOMRAM 000023
___wmul@multiplier               cstackCOMRAM 000021
___wmul@product                  cstackCOMRAM 000025
__accesstop                      (abs)        000060
__activetblptr                   (abs)        000002
__end_ofKeypad_Key_Press@F4959   smallconst   000812
__end_of_Keypad_Init             text19       00104C
__end_of_Keypad_Key_Press        text12       000C64
__end_of_Lcd_Clear               text7        00103C
__end_of_Lcd_Cmd                 text17       001000
__end_of_Lcd_Init                text16       000CD6
__end_of_Lcd_Port                text18       000E06
__end_of_Lcd_Set_Cursor          text6        000DAA
__end_of_Lcd_Write_Char          text5        000F22
__end_of_Lcd_Write_String        text4        000E5C
__end_of_OSCILLATOR_Initialize   text15       00102E
__end_of_PIN_MANAGER_Initialize  text14       000EEA
__end_of_SYSTEM_Initialize       text13       001046
__end_of___wmul                  text11       000FE0
__end_of__initialization         cinit        000FB0
__end_of_atoi                    text8        000BAE
__end_of_change_password         text3        00101C
__end_of_isdigit                 text10       000F5A
__end_of_isspace                 text9        000EAE
__end_of_main                    text0        000D44
__end_of_miretardo               text1        000F8C
__end_of_teclado_estado          text2        000A24
__initialization                 cinit        000F8C
__mediumconst                    mediumconst  000000
__pbssCOMRAM                     bssCOMRAM    000001
__pcinit                         cinit        000F8C
__pcstackCOMRAM                  cstackCOMRAM 000021
__pdataCOMRAM                    dataCOMRAM   00003B
__pidataCOMRAM                   idataCOMRAM  00104C
__psmallconst                    smallconst   000800
__ptext0                         text0        000CD6
__ptext1                         text1        000F5A
__ptext10                        text10       000F22
__ptext11                        text11       000FBA
__ptext12                        text12       000BAE
__ptext13                        text13       00103C
__ptext14                        text14       000EAE
__ptext15                        text15       00101C
__ptext16                        text16       000C64
__ptext17                        text17       000FE0
__ptext18                        text18       000DAA
__ptext19                        text19       001046
__ptext2                         text2        000830
__ptext3                         text3        001000
__ptext4                         text4        000E06
__ptext5                         text5        000EEA
__ptext6                         text6        000D44
__ptext7                         text7        00102E
__ptext8                         text8        000A24
__ptext9                         text9        000E5C
__ramtop                         ramtop       000800
__size_of_Keypad_Init            (abs)        000000
__size_of_Keypad_Key_Press       (abs)        000000
__size_of_Lcd_Clear              (abs)        000000
__size_of_Lcd_Cmd                (abs)        000000
__size_of_Lcd_Init               (abs)        000000
__size_of_Lcd_Port               (abs)        000000
__size_of_Lcd_Set_Cursor         (abs)        000000
__size_of_Lcd_Write_Char         (abs)        000000
__size_of_Lcd_Write_String       (abs)        000000
__size_of_OSCILLATOR_Initialize  (abs)        000000
__size_of_PIN_MANAGER_Initialize (abs)        000000
__size_of_SYSTEM_Initialize      (abs)        000000
__size_of___wmul                 (abs)        000000
__size_of_atoi                   (abs)        000000
__size_of_change_password        (abs)        000000
__size_of_isdigit                (abs)        000000
__size_of_isspace                (abs)        000000
__size_of_main                   (abs)        000000
__size_of_miretardo              (abs)        000000
__size_of_teclado_estado         (abs)        000000
__smallconst                     smallconst   000800
_atoi                            text8        000A24
_atoi$751                        cstackCOMRAM 000030
_atoi$752                        cstackCOMRAM 000034
_atoi$753                        cstackCOMRAM 000032
_change_password                 text3        001000
_estado_teclado                  bssCOMRAM    000015
_isdigit                         text10       000F22
_isspace                         text9        000E5C
_isspace$769                     cstackCOMRAM 000027
_main                            text0        000CD6
_miretardo                       text1        000F5A
_retardo                         dataCOMRAM   00003B
_retardo_cad                     bssCOMRAM    000017
_tecla                           bssCOMRAM    000016
_teclado_estado                  text2        000830
_texto                           bssCOMRAM    000001
atoi@n                           cstackCOMRAM 000035
atoi@neg                         cstackCOMRAM 00002E
atoi@s                           cstackCOMRAM 000028
end_of_initialization            cinit        000FB0
intlevel0                        text         000000
intlevel1                        text         000000
intlevel2                        text         000000
intlevel3                        text         000000
isdigit@c                        cstackCOMRAM 000021
isspace@c                        cstackCOMRAM 000021
miretardo@valor                  cstackCOMRAM 000039
stackhi                          (abs)        0007FF
stacklo                          (abs)        000060
start                            init         000000
start_initialization             cinit        000F8C


FUNCTION INFORMATION:

 *************** function _main *****************
 Defined at:
		line 179 in file "main.c"
 Parameters:    Size  Location     Type
		None
 Auto vars:     Size  Location     Type
		None
 Return value:  Size  Location     Type
                  1    wreg      void 
 Registers used:
		wreg, fsr2l, fsr2h, status,2, status,0, tblptrl, tblptrh, tblptru, prodl, prodh, cstack
 Tracked objects:
		On entry : 
		On exit  : 
		Unchanged: 
 Data sizes:     COMRAM   BANK0   BANK1   BANK2   BANK3   BANK4   BANK5   BANK6   BANK7
      Params:         0       0       0       0       0       0       0       0       0
      Locals:         0       0       0       0       0       0       0       0       0
      Temps:          0       0       0       0       0       0       0       0       0
      Totals:         0       0       0       0       0       0       0       0       0
Total ram usage:        0 bytes
 Hardware stack levels required when called:    6
 This function calls:
		_Keypad_Init
		_Lcd_Clear
		_Lcd_Init
		_Lcd_Set_Cursor
		_Lcd_Write_String
		_SYSTEM_Initialize
		_miretardo
 This function is called by:
		Startup code after reset
 This function uses a non-reentrant model


 *************** function _miretardo *****************
 Defined at:
		line 168 in file "main.c"
 Parameters:    Size  Location     Type
  valor           2   24[COMRAM] int 
 Auto vars:     Size  Location     Type
		None
 Return value:  Size  Location     Type
                  1    wreg      void 
 Registers used:
		wreg, fsr2l, fsr2h, status,2, status,0, tblptrl, tblptrh, tblptru, prodl, prodh, cstack
 Tracked objects:
		On entry : 
		On exit  : 
		Unchanged: 
 Data sizes:     COMRAM   BANK0   BANK1   BANK2   BANK3   BANK4   BANK5   BANK6   BANK7
      Params:         2       0       0       0       0       0       0       0       0
      Locals:         0       0       0       0       0       0       0       0       0
      Temps:          0       0       0       0       0       0       0       0       0
      Totals:         2       0       0       0       0       0       0       0       0
Total ram usage:        2 bytes
 Hardware stack levels used:    1
 Hardware stack levels required when called:    5
 This function calls:
		_teclado_estado
 This function is called by:
		_main
 This function uses a non-reentrant model


 *************** function _teclado_estado *****************
 Defined at:
		line 73 in file "main.c"
 Parameters:    Size  Location     Type
		None
 Auto vars:     Size  Location     Type
		None
 Return value:  Size  Location     Type
                  1    wreg      void 
 Registers used:
		wreg, fsr2l, fsr2h, status,2, status,0, tblptrl, tblptrh, tblptru, prodl, prodh, cstack
 Tracked objects:
		On entry : 
		On exit  : 
		Unchanged: 
 Data sizes:     COMRAM   BANK0   BANK1   BANK2   BANK3   BANK4   BANK5   BANK6   BANK7
      Params:         0       0       0       0       0       0       0       0       0
      Locals:         0       0       0       0       0       0       0       0       0
      Temps:          2       0       0       0       0       0       0       0       0
      Totals:         2       0       0       0       0       0       0       0       0
Total ram usage:        2 bytes
 Hardware stack levels used:    1
 Hardware stack levels required when called:    4
 This function calls:
		_Keypad_Key_Press
		_Lcd_Set_Cursor
		_Lcd_Write_Char
		_Lcd_Write_String
		_atoi
		_change_password
 This function is called by:
		_miretardo
 This function uses a non-reentrant model


 *************** function _change_password *****************
 Defined at:
		line 61 in file "main.c"
 Parameters:    Size  Location     Type
		None
 Auto vars:     Size  Location     Type
		None
 Return value:  Size  Location     Type
                  1    wreg      void 
 Registers used:
		wreg, status,2, status,0, tblptrl, tblptrh, tblptru, cstack
 Tracked objects:
		On entry : 
		On exit  : 
		Unchanged: 
 Data sizes:     COMRAM   BANK0   BANK1   BANK2   BANK3   BANK4   BANK5   BANK6   BANK7
      Params:         0       0       0       0       0       0       0       0       0
      Locals:         0       0       0       0       0       0       0       0       0
      Temps:          0       0       0       0       0       0       0       0       0
      Totals:         0       0       0       0       0       0       0       0       0
Total ram usage:        0 bytes
 Hardware stack levels used:    1
 Hardware stack levels required when called:    3
 This function calls:
		_Lcd_Clear
		_Lcd_Set_Cursor
		_Lcd_Write_String
 This function is called by:
		_teclado_estado
 This function uses a non-reentrant model


 *************** function _Lcd_Write_String *****************
 Defined at:
		line 97 in file "./lcd.h"
 Parameters:    Size  Location     Type
  a               2    4[COMRAM] PTR unsigned char 
		 -> STR_4(8), STR_3(7), STR_2(7), STR_1(13), 
 Auto vars:     Size  Location     Type
  i               2    8[COMRAM] int 
 Return value:  Size  Location     Type
                  1    wreg      void 
 Registers used:
		wreg, status,2, status,0, tblptrl, tblptrh, tblptru, cstack
 Tracked objects:
		On entry : 
		On exit  : 
		Unchanged: 
 Data sizes:     COMRAM   BANK0   BANK1   BANK2   BANK3   BANK4   BANK5   BANK6   BANK7
      Params:         2       0       0       0       0       0       0       0       0
      Locals:         2       0       0       0       0       0       0       0       0
      Temps:          2       0       0       0       0       0       0       0       0
      Totals:         6       0       0       0       0       0       0       0       0
Total ram usage:        6 bytes
 Hardware stack levels used:    1
 Hardware stack levels required when called:    2
 This function calls:
		_Lcd_Write_Char
 This function is called by:
		_change_password
		_teclado_estado
		_main
 This function uses a non-reentrant model


 *************** function _Lcd_Write_Char *****************
 Defined at:
		line 81 in file "./lcd.h"
 Parameters:    Size  Location     Type
  a               1    wreg     unsigned char 
 Auto vars:     Size  Location     Type
  a               1    3[COMRAM] unsigned char 
  y               1    2[COMRAM] unsigned char 
  temp            1    1[COMRAM] unsigned char 
 Return value:  Size  Location     Type
                  1    wreg      void 
 Registers used:
		wreg, status,2, status,0, cstack
 Tracked objects:
		On entry : 
		On exit  : 
		Unchanged: 
 Data sizes:     COMRAM   BANK0   BANK1   BANK2   BANK3   BANK4   BANK5   BANK6   BANK7
      Params:         0       0       0       0       0       0       0       0       0
      Locals:         3       0       0       0       0       0       0       0       0
      Temps:          0       0       0       0       0       0       0       0       0
      Totals:         3       0       0       0       0       0       0       0       0
Total ram usage:        3 bytes
 Hardware stack levels used:    1
 Hardware stack levels required when called:    1
 This function calls:
		_Lcd_Port
 This function is called by:
		_Lcd_Write_String
		_teclado_estado
 This function uses a non-reentrant model


 *************** function _Lcd_Set_Cursor *****************
 Defined at:
		line 41 in file "./lcd.h"
 Parameters:    Size  Location     Type
  a               1    wreg     unsigned char 
  b               1    3[COMRAM] unsigned char 
 Auto vars:     Size  Location     Type
  a               1    4[COMRAM] unsigned char 
  temp            1    7[COMRAM] unsigned char 
  y               1    6[COMRAM] unsigned char 
  z               1    5[COMRAM] unsigned char 
 Return value:  Size  Location     Type
                  1    wreg      void 
 Registers used:
		wreg, status,2, status,0, cstack
 Tracked objects:
		On entry : 
		On exit  : 
		Unchanged: 
 Data sizes:     COMRAM   BANK0   BANK1   BANK2   BANK3   BANK4   BANK5   BANK6   BANK7
      Params:         1       0       0       0       0       0       0       0       0
      Locals:         4       0       0       0       0       0       0       0       0
      Temps:          0       0       0       0       0       0       0       0       0
      Totals:         5       0       0       0       0       0       0       0       0
Total ram usage:        5 bytes
 Hardware stack levels used:    1
 Hardware stack levels required when called:    2
 This function calls:
		_Lcd_Cmd
 This function is called by:
		_change_password
		_teclado_estado
		_main
 This function uses a non-reentrant model


 *************** function _Lcd_Clear *****************
 Defined at:
		line 35 in file "./lcd.h"
 Parameters:    Size  Location     Type
		None
 Auto vars:     Size  Location     Type
		None
 Return value:  Size  Location     Type
                  2  110[None  ] int 
 Registers used:
		wreg, status,2, cstack
 Tracked objects:
		On entry : 
		On exit  : 
		Unchanged: 
 Data sizes:     COMRAM   BANK0   BANK1   BANK2   BANK3   BANK4   BANK5   BANK6   BANK7
      Params:         0       0       0       0       0       0       0       0       0
      Locals:         0       0       0       0       0       0       0       0       0
      Temps:          0       0       0       0       0       0       0       0       0
      Totals:         0       0       0       0       0       0       0       0       0
Total ram usage:        0 bytes
 Hardware stack levels used:    1
 Hardware stack levels required when called:    2
 This function calls:
		_Lcd_Cmd
 This function is called by:
		_change_password
		_main
 This function uses a non-reentrant model


 *************** function _atoi *****************
 Defined at:
		line 4 in file "/Applications/microchip/xc8/v2.31/pic/sources/c99/common/atoi.c"
 Parameters:    Size  Location     Type
  s               2    7[COMRAM] PTR const unsigned char 
		 -> retardo_cad(10), 
 Auto vars:     Size  Location     Type
  n               2   20[COMRAM] int 
  neg             2   13[COMRAM] int 
 Return value:  Size  Location     Type
                  2    7[COMRAM] int 
 Registers used:
		wreg, fsr2l, fsr2h, status,2, status,0, prodl, prodh, cstack
 Tracked objects:
		On entry : 
		On exit  : 
		Unchanged: 
 Data sizes:     COMRAM   BANK0   BANK1   BANK2   BANK3   BANK4   BANK5   BANK6   BANK7
      Params:         2       0       0       0       0       0       0       0       0
      Locals:         9       0       0       0       0       0       0       0       0
      Temps:          4       0       0       0       0       0       0       0       0
      Totals:        15       0       0       0       0       0       0       0       0
Total ram usage:       15 bytes
 Hardware stack levels used:    1
 Hardware stack levels required when called:    1
 This function calls:
		___wmul
		_isdigit
		_isspace
 This function is called by:
		_teclado_estado
 This function uses a non-reentrant model


 *************** function _isspace *****************
 Defined at:
		line 5 in file "/Applications/microchip/xc8/v2.31/pic/sources/c99/common/isspace.c"
 Parameters:    Size  Location     Type
  c               2    0[COMRAM] int 
 Auto vars:     Size  Location     Type
		None
 Return value:  Size  Location     Type
                  2    0[COMRAM] int 
 Registers used:
		wreg, status,2, status,0
 Tracked objects:
		On entry : 
		On exit  : 
		Unchanged: 
 Data sizes:     COMRAM   BANK0   BANK1   BANK2   BANK3   BANK4   BANK5   BANK6   BANK7
      Params:         2       0       0       0       0       0       0       0       0
      Locals:         1       0       0       0       0       0       0       0       0
      Temps:          4       0       0       0       0       0       0       0       0
      Totals:         7       0       0       0       0       0       0       0       0
Total ram usage:        7 bytes
 Hardware stack levels used:    1
 This function calls:
		Nothing
 This function is called by:
		_atoi
 This function uses a non-reentrant model


 *************** function _isdigit *****************
 Defined at:
		line 5 in file "/Applications/microchip/xc8/v2.31/pic/sources/c99/common/isdigit.c"
 Parameters:    Size  Location     Type
  c               2    0[COMRAM] int 
 Auto vars:     Size  Location     Type
		None
 Return value:  Size  Location     Type
                  2    0[COMRAM] int 
 Registers used:
		wreg, status,2, status,0
 Tracked objects:
		On entry : 
		On exit  : 
		Unchanged: 
 Data sizes:     COMRAM   BANK0   BANK1   BANK2   BANK3   BANK4   BANK5   BANK6   BANK7
      Params:         2       0       0       0       0       0       0       0       0
      Locals:         0       0       0       0       0       0       0       0       0
      Temps:          4       0       0       0       0       0       0       0       0
      Totals:         6       0       0       0       0       0       0       0       0
Total ram usage:        6 bytes
 Hardware stack levels used:    1
 This function calls:
		Nothing
 This function is called by:
		_atoi
 This function uses a non-reentrant model


 *************** function ___wmul *****************
 Defined at:
		line 15 in file "/Applications/microchip/xc8/v2.31/pic/sources/c99/common/Umul16.c"
 Parameters:    Size  Location     Type
  multiplier      2    0[COMRAM] unsigned int 
  multiplicand    2    2[COMRAM] unsigned int 
 Auto vars:     Size  Location     Type
  product         2    4[COMRAM] unsigned int 
 Return value:  Size  Location     Type
                  2    0[COMRAM] unsigned int 
 Registers used:
		wreg, status,2, status,0, prodl, prodh
 Tracked objects:
		On entry : 
		On exit  : 
		Unchanged: 
 Data sizes:     COMRAM   BANK0   BANK1   BANK2   BANK3   BANK4   BANK5   BANK6   BANK7
      Params:         4       0       0       0       0       0       0       0       0
      Locals:         2       0       0       0       0       0       0       0       0
      Temps:          0       0       0       0       0       0       0       0       0
      Totals:         6       0       0       0       0       0       0       0       0
Total ram usage:        6 bytes
 Hardware stack levels used:    1
 This function calls:
		Nothing
 This function is called by:
		_atoi
 This function uses a non-reentrant model


 *************** function _Keypad_Key_Press *****************
 Defined at:
		line 39 in file "main.c"
 Parameters:    Size  Location     Type
		None
 Auto vars:     Size  Location     Type
  keypad_deco    17    0[COMRAM] const unsigned char [17]
  fila            2   19[COMRAM] unsigned int 
  tec             2   17[COMRAM] unsigned int 
 Return value:  Size  Location     Type
                  1    wreg      unsigned char 
 Registers used:
		wreg, fsr2l, fsr2h, status,2, status,0, tblptrl, tblptrh, tblptru
 Tracked objects:
		On entry : 
		On exit  : 
		Unchanged: 
 Data sizes:     COMRAM   BANK0   BANK1   BANK2   BANK3   BANK4   BANK5   BANK6   BANK7
      Params:         0       0       0       0       0       0       0       0       0
      Locals:        21       0       0       0       0       0       0       0       0
      Temps:          0       0       0       0       0       0       0       0       0
      Totals:        21       0       0       0       0       0       0       0       0
Total ram usage:       21 bytes
 Hardware stack levels used:    1
 This function calls:
		Nothing
 This function is called by:
		_teclado_estado
 This function uses a non-reentrant model


 *************** function _SYSTEM_Initialize *****************
 Defined at:
		line 116 in file "mcc_generated_files/mcc.c"
 Parameters:    Size  Location     Type
		None
 Auto vars:     Size  Location     Type
		None
 Return value:  Size  Location     Type
                  1    wreg      void 
 Registers used:
		wreg, status,2, cstack
 Tracked objects:
		On entry : 
		On exit  : 
		Unchanged: 
 Data sizes:     COMRAM   BANK0   BANK1   BANK2   BANK3   BANK4   BANK5   BANK6   BANK7
      Params:         0       0       0       0       0       0       0       0       0
      Locals:         0       0       0       0       0       0       0       0       0
      Temps:          0       0       0       0       0       0       0       0       0
      Totals:         0       0       0       0       0       0       0       0       0
Total ram usage:        0 bytes
 Hardware stack levels used:    1
 Hardware stack levels required when called:    1
 This function calls:
		_OSCILLATOR_Initialize
		_PIN_MANAGER_Initialize
 This function is called by:
		_main
 This function uses a non-reentrant model


 *************** function _PIN_MANAGER_Initialize *****************
 Defined at:
		line 52 in file "mcc_generated_files/pin_manager.c"
 Parameters:    Size  Location     Type
		None
 Auto vars:     Size  Location     Type
		None
 Return value:  Size  Location     Type
                  1    wreg      void 
 Registers used:
		wreg, status,2
 Tracked objects:
		On entry : 
		On exit  : 
		Unchanged: 
 Data sizes:     COMRAM   BANK0   BANK1   BANK2   BANK3   BANK4   BANK5   BANK6   BANK7
      Params:         0       0       0       0       0       0       0       0       0
      Locals:         0       0       0       0       0       0       0       0       0
      Temps:          0       0       0       0       0       0       0       0       0
      Totals:         0       0       0       0       0       0       0       0       0
Total ram usage:        0 bytes
 Hardware stack levels used:    1
 This function calls:
		Nothing
 This function is called by:
		_SYSTEM_Initialize
 This function uses a non-reentrant model


 *************** function _OSCILLATOR_Initialize *****************
 Defined at:
		line 123 in file "mcc_generated_files/mcc.c"
 Parameters:    Size  Location     Type
		None
 Auto vars:     Size  Location     Type
		None
 Return value:  Size  Location     Type
                  1    wreg      void 
 Registers used:
		wreg, status,2
 Tracked objects:
		On entry : 
		On exit  : 
		Unchanged: 
 Data sizes:     COMRAM   BANK0   BANK1   BANK2   BANK3   BANK4   BANK5   BANK6   BANK7
      Params:         0       0       0       0       0       0       0       0       0
      Locals:         0       0       0       0       0       0       0       0       0
      Temps:          0       0       0       0       0       0       0       0       0
      Totals:         0       0       0       0       0       0       0       0       0
Total ram usage:        0 bytes
 Hardware stack levels used:    1
 This function calls:
		Nothing
 This function is called by:
		_SYSTEM_Initialize
 This function uses a non-reentrant model


 *************** function _Lcd_Init *****************
 Defined at:
		line 62 in file "./lcd.h"
 Parameters:    Size  Location     Type
		None
 Auto vars:     Size  Location     Type
		None
 Return value:  Size  Location     Type
                  1    wreg      void 
 Registers used:
		wreg, status,2, cstack
 Tracked objects:
		On entry : 
		On exit  : 
		Unchanged: 
 Data sizes:     COMRAM   BANK0   BANK1   BANK2   BANK3   BANK4   BANK5   BANK6   BANK7
      Params:         0       0       0       0       0       0       0       0       0
      Locals:         0       0       0       0       0       0       0       0       0
      Temps:          1       0       0       0       0       0       0       0       0
      Totals:         1       0       0       0       0       0       0       0       0
Total ram usage:        1 bytes
 Hardware stack levels used:    1
 Hardware stack levels required when called:    2
 This function calls:
		_Lcd_Cmd
		_Lcd_Port
 This function is called by:
		_main
 This function uses a non-reentrant model


 *************** function _Lcd_Cmd *****************
 Defined at:
		line 26 in file "./lcd.h"
 Parameters:    Size  Location     Type
  a               1    wreg     unsigned char 
 Auto vars:     Size  Location     Type
  a               1    2[COMRAM] unsigned char 
 Return value:  Size  Location     Type
                  1    wreg      void 
 Registers used:
		wreg, status,2, cstack
 Tracked objects:
		On entry : 
		On exit  : 
		Unchanged: 
 Data sizes:     COMRAM   BANK0   BANK1   BANK2   BANK3   BANK4   BANK5   BANK6   BANK7
      Params:         0       0       0       0       0       0       0       0       0
      Locals:         1       0       0       0       0       0       0       0       0
      Temps:          1       0       0       0       0       0       0       0       0
      Totals:         2       0       0       0       0       0       0       0       0
Total ram usage:        2 bytes
 Hardware stack levels used:    1
 Hardware stack levels required when called:    1
 This function calls:
		_Lcd_Port
 This function is called by:
		_Lcd_Clear
		_Lcd_Set_Cursor
		_Lcd_Init
		_Lcd_Shift_Right
		_Lcd_Shift_Left
 This function uses a non-reentrant model


 *************** function _Lcd_Port *****************
 Defined at:
		line 4 in file "./lcd.h"
 Parameters:    Size  Location     Type
  a               1    wreg     unsigned char 
 Auto vars:     Size  Location     Type
  a               1    0[COMRAM] unsigned char 
 Return value:  Size  Location     Type
                  1    wreg      void 
 Registers used:
		wreg
 Tracked objects:
		On entry : 
		On exit  : 
		Unchanged: 
 Data sizes:     COMRAM   BANK0   BANK1   BANK2   BANK3   BANK4   BANK5   BANK6   BANK7
      Params:         0       0       0       0       0       0       0       0       0
      Locals:         1       0       0       0       0       0       0       0       0
      Temps:          0       0       0       0       0       0       0       0       0
      Totals:         1       0       0       0       0       0       0       0       0
Total ram usage:        1 bytes
 Hardware stack levels used:    1
 This function calls:
		Nothing
 This function is called by:
		_Lcd_Cmd
		_Lcd_Init
		_Lcd_Write_Char
 This function uses a non-reentrant model


 *************** function _Keypad_Init *****************
 Defined at:
		line 34 in file "main.c"
 Parameters:    Size  Location     Type
		None
 Auto vars:     Size  Location     Type
		None
 Return value:  Size  Location     Type
                  1    wreg      void 
 Registers used:
		wreg, status,2
 Tracked objects:
		On entry : 
		On exit  : 
		Unchanged: 
 Data sizes:     COMRAM   BANK0   BANK1   BANK2   BANK3   BANK4   BANK5   BANK6   BANK7
      Params:         0       0       0       0       0       0       0       0       0
      Locals:         0       0       0       0       0       0       0       0       0
      Temps:          0       0       0       0       0       0       0       0       0
      Totals:         0       0       0       0       0       0       0       0       0
Total ram usage:        0 bytes
 Hardware stack levels used:    1
 This function calls:
		Nothing
 This function is called by:
		_main
 This function uses a non-reentrant model



MODULE INFORMATION

Module		Function		Class		Link	Load	Size
/Applications/microchip/xc8/v2.31/pic/sources/c99/common/atoi.c
		_atoi          		CODE           	0A24	0000	394

/Applications/microchip/xc8/v2.31/pic/sources/c99/common/atoi.c estimated size: 394

./lcd.h
		_Lcd_Write_String		CODE           	0E06	0000	86
		_Lcd_Init      		CODE           	0C64	0000	114
		_Lcd_Write_Char		CODE           	0EEA	0000	56
		_Lcd_Cmd       		CODE           	0FE0	0000	32
		_Lcd_Set_Cursor		CODE           	0D44	0000	102
		_Lcd_Clear     		CODE           	102E	0000	14
		_Lcd_Port      		CODE           	0DAA	0000	92

./lcd.h estimated size: 496

mcc_generated_files/pin_manager.c
		_PIN_MANAGER_Initialize		CODE           	0EAE	0000	60

mcc_generated_files/pin_manager.c estimated size: 60

/Applications/microchip/xc8/v2.31/pic/sources/c99/common/isspace.c
		_isspace       		CODE           	0E5C	0000	82

/Applications/microchip/xc8/v2.31/pic/sources/c99/common/isspace.c estimated size: 82

shared
		__initialization		CODE           	0F8C	0000	36
		Keypad_Key_Press@F4959		SMALLCONST     	0801	0000	17

shared estimated size: 53

mcc_generated_files/mcc.c
		_OSCILLATOR_Initialize		CODE           	101C	0000	18
		_SYSTEM_Initialize		CODE           	103C	0000	10

mcc_generated_files/mcc.c estimated size: 28

/Applications/microchip/xc8/v2.31/pic/sources/c99/common/isdigit.c
		_isdigit       		CODE           	0F22	0000	56

/Applications/microchip/xc8/v2.31/pic/sources/c99/common/isdigit.c estimated size: 56

/Applications/microchip/xc8/v2.31/pic/sources/c99/common/Umul16.c
		___wmul        		CODE           	0FBA	0000	38

/Applications/microchip/xc8/v2.31/pic/sources/c99/common/Umul16.c estimated size: 38

main.c
		_main          		CODE           	0CD6	0000	110
		_Keypad_Init   		CODE           	1046	0000	6
		_change_password		CODE           	1000	0000	28
		_Keypad_Key_Press		CODE           	0BAE	0000	182
		_teclado_estado		CODE           	0830	0000	500
		_miretardo     		CODE           	0F5A	0000	50

main.c estimated size: 876

